19-Nov-2025 22:18:05.236 INFO [main] org.apache.catalina.startup.VersionLoggerListener.log Server version name:   Apache Tomcat/9.0.80
19-Nov-2025 22:18:05.245 INFO [main] org.apache.catalina.startup.VersionLoggerListener.log Server built:          Aug 23 2023 21:59:38 UTC
19-Nov-2025 22:18:05.245 INFO [main] org.apache.catalina.startup.VersionLoggerListener.log Server version number: 9.0.80.0
19-Nov-2025 22:18:05.245 INFO [main] org.apache.catalina.startup.VersionLoggerListener.log OS Name:               Linux
19-Nov-2025 22:18:05.246 INFO [main] org.apache.catalina.startup.VersionLoggerListener.log OS Version:            6.8.0-1030-azure
19-Nov-2025 22:18:05.246 INFO [main] org.apache.catalina.startup.VersionLoggerListener.log Architecture:          amd64
19-Nov-2025 22:18:05.246 INFO [main] org.apache.catalina.startup.VersionLoggerListener.log Java Home:             /opt/java/11.0.14
19-Nov-2025 22:18:05.246 INFO [main] org.apache.catalina.startup.VersionLoggerListener.log JVM Version:           11.0.14.1+1-LTS
19-Nov-2025 22:18:05.246 INFO [main] org.apache.catalina.startup.VersionLoggerListener.log JVM Vendor:            Microsoft
19-Nov-2025 22:18:05.246 INFO [main] org.apache.catalina.startup.VersionLoggerListener.log CATALINA_BASE:         /workspaces/MolaBookStore/MolaBookStore/tomcat
19-Nov-2025 22:18:05.246 INFO [main] org.apache.catalina.startup.VersionLoggerListener.log CATALINA_HOME:         /workspaces/MolaBookStore/MolaBookStore/tomcat
19-Nov-2025 22:18:05.260 INFO [main] org.apache.catalina.startup.VersionLoggerListener.log Command line argument: --add-opens=java.base/java.lang=ALL-UNNAMED
19-Nov-2025 22:18:05.260 INFO [main] org.apache.catalina.startup.VersionLoggerListener.log Command line argument: --add-opens=java.base/java.io=ALL-UNNAMED
19-Nov-2025 22:18:05.260 INFO [main] org.apache.catalina.startup.VersionLoggerListener.log Command line argument: --add-opens=java.base/java.util=ALL-UNNAMED
19-Nov-2025 22:18:05.261 INFO [main] org.apache.catalina.startup.VersionLoggerListener.log Command line argument: --add-opens=java.base/java.util.concurrent=ALL-UNNAMED
19-Nov-2025 22:18:05.261 INFO [main] org.apache.catalina.startup.VersionLoggerListener.log Command line argument: --add-opens=java.rmi/sun.rmi.transport=ALL-UNNAMED
19-Nov-2025 22:18:05.261 INFO [main] org.apache.catalina.startup.VersionLoggerListener.log Command line argument: -Djava.util.logging.config.file=/workspaces/MolaBookStore/MolaBookStore/tomcat/conf/logging.properties
19-Nov-2025 22:18:05.262 INFO [main] org.apache.catalina.startup.VersionLoggerListener.log Command line argument: -Djava.util.logging.manager=org.apache.juli.ClassLoaderLogManager
19-Nov-2025 22:18:05.263 INFO [main] org.apache.catalina.startup.VersionLoggerListener.log Command line argument: -Djdk.tls.ephemeralDHKeySize=2048
19-Nov-2025 22:18:05.263 INFO [main] org.apache.catalina.startup.VersionLoggerListener.log Command line argument: -Djava.protocol.handler.pkgs=org.apache.catalina.webresources
19-Nov-2025 22:18:05.263 INFO [main] org.apache.catalina.startup.VersionLoggerListener.log Command line argument: -Dorg.apache.catalina.security.SecurityListener.UMASK=0027
19-Nov-2025 22:18:05.263 INFO [main] org.apache.catalina.startup.VersionLoggerListener.log Command line argument: -Dignore.endorsed.dirs=
19-Nov-2025 22:18:05.263 INFO [main] org.apache.catalina.startup.VersionLoggerListener.log Command line argument: -Dcatalina.base=/workspaces/MolaBookStore/MolaBookStore/tomcat
19-Nov-2025 22:18:05.263 INFO [main] org.apache.catalina.startup.VersionLoggerListener.log Command line argument: -Dcatalina.home=/workspaces/MolaBookStore/MolaBookStore/tomcat
19-Nov-2025 22:18:05.263 INFO [main] org.apache.catalina.startup.VersionLoggerListener.log Command line argument: -Djava.io.tmpdir=/workspaces/MolaBookStore/MolaBookStore/tomcat/temp
19-Nov-2025 22:18:05.266 INFO [main] org.apache.catalina.core.AprLifecycleListener.lifecycleEvent The Apache Tomcat Native library which allows using OpenSSL was not found on the java.library.path: [/usr/java/packages/lib:/usr/lib64:/lib64:/lib:/usr/lib]
19-Nov-2025 22:18:05.765 INFO [main] org.apache.coyote.AbstractProtocol.init Initializing ProtocolHandler ["http-nio-8080"]
19-Nov-2025 22:18:05.803 INFO [main] org.apache.catalina.startup.Catalina.load Server initialization in [886] milliseconds
19-Nov-2025 22:18:05.884 INFO [main] org.apache.catalina.core.StandardService.startInternal Starting service [Catalina]
19-Nov-2025 22:18:05.885 INFO [main] org.apache.catalina.core.StandardEngine.startInternal Starting Servlet engine: [Apache Tomcat/9.0.80]
19-Nov-2025 22:18:05.902 INFO [main] org.apache.catalina.startup.HostConfig.deployWAR Deploying web application archive [/workspaces/MolaBookStore/MolaBookStore/tomcat/webapps/MolaBookStore.war]
19-Nov-2025 22:18:06.525 INFO [main] org.apache.jasper.servlet.TldScanner.scanJars At least one JAR was scanned for TLDs yet contained no TLDs. Enable debug logging for this logger for a complete list of JARs that were scanned but no TLDs were found in them. Skipping unneeded JARs during scanning can improve startup time and JSP compilation time.
19-Nov-2025 22:18:06.631 INFO [main] org.apache.catalina.startup.HostConfig.deployWAR Deployment of web application archive [/workspaces/MolaBookStore/MolaBookStore/tomcat/webapps/MolaBookStore.war] has finished in [729] ms
19-Nov-2025 22:18:06.632 INFO [main] org.apache.catalina.startup.HostConfig.deployDirectory Deploying web application directory [/workspaces/MolaBookStore/MolaBookStore/tomcat/webapps/docs]
19-Nov-2025 22:18:06.670 INFO [main] org.apache.catalina.startup.HostConfig.deployDirectory Deployment of web application directory [/workspaces/MolaBookStore/MolaBookStore/tomcat/webapps/docs] has finished in [38] ms
19-Nov-2025 22:18:06.670 INFO [main] org.apache.catalina.startup.HostConfig.deployDirectory Deploying web application directory [/workspaces/MolaBookStore/MolaBookStore/tomcat/webapps/host-manager]
19-Nov-2025 22:18:06.722 INFO [main] org.apache.catalina.startup.HostConfig.deployDirectory Deployment of web application directory [/workspaces/MolaBookStore/MolaBookStore/tomcat/webapps/host-manager] has finished in [52] ms
19-Nov-2025 22:18:06.725 INFO [main] org.apache.catalina.startup.HostConfig.deployDirectory Deploying web application directory [/workspaces/MolaBookStore/MolaBookStore/tomcat/webapps/manager]
19-Nov-2025 22:18:06.763 INFO [main] org.apache.catalina.startup.HostConfig.deployDirectory Deployment of web application directory [/workspaces/MolaBookStore/MolaBookStore/tomcat/webapps/manager] has finished in [38] ms
19-Nov-2025 22:18:06.764 INFO [main] org.apache.catalina.startup.HostConfig.deployDirectory Deploying web application directory [/workspaces/MolaBookStore/MolaBookStore/tomcat/webapps/examples]
19-Nov-2025 22:18:07.402 INFO [main] org.apache.catalina.startup.HostConfig.deployDirectory Deployment of web application directory [/workspaces/MolaBookStore/MolaBookStore/tomcat/webapps/examples] has finished in [638] ms
19-Nov-2025 22:18:07.405 INFO [main] org.apache.catalina.startup.HostConfig.deployDirectory Deploying web application directory [/workspaces/MolaBookStore/MolaBookStore/tomcat/webapps/ROOT]
19-Nov-2025 22:18:07.473 INFO [main] org.apache.catalina.startup.HostConfig.deployDirectory Deployment of web application directory [/workspaces/MolaBookStore/MolaBookStore/tomcat/webapps/ROOT] has finished in [67] ms
19-Nov-2025 22:18:07.483 INFO [main] org.apache.coyote.AbstractProtocol.start Starting ProtocolHandler ["http-nio-8080"]
19-Nov-2025 22:18:07.526 INFO [main] org.apache.catalina.startup.Catalina.start Server startup in [1722] milliseconds
19-Nov-2025 22:23:27.576 INFO [Catalina-utility-1] org.apache.catalina.startup.HostConfig.reload Reloading context [/MolaBookStore]
19-Nov-2025 22:23:27.578 INFO [Catalina-utility-1] org.apache.catalina.core.StandardContext.reload Reloading Context with name [/MolaBookStore] has started
19-Nov-2025 22:23:27.614 WARNING [Catalina-utility-1] org.apache.catalina.loader.WebappClassLoaderBase.clearReferencesJdbc The web application [MolaBookStore] registered the JDBC driver [org.sqlite.JDBC] but failed to unregister it when the web application was stopped. To prevent a memory leak, the JDBC Driver has been forcibly unregistered.
19-Nov-2025 22:23:27.766 INFO [Catalina-utility-1] org.apache.jasper.servlet.TldScanner.scanJars At least one JAR was scanned for TLDs yet contained no TLDs. Enable debug logging for this logger for a complete list of JARs that were scanned but no TLDs were found in them. Skipping unneeded JARs during scanning can improve startup time and JSP compilation time.
19-Nov-2025 22:23:27.785 INFO [Catalina-utility-1] org.apache.catalina.core.StandardContext.reload Reloading Context with name [/MolaBookStore] is completed
19-Nov-2025 22:32:17.849 INFO [Catalina-utility-2] org.apache.catalina.startup.HostConfig.reload Reloading context [/MolaBookStore]
19-Nov-2025 22:32:17.849 INFO [Catalina-utility-2] org.apache.catalina.core.StandardContext.reload Reloading Context with name [/MolaBookStore] has started
19-Nov-2025 22:32:17.860 WARNING [Catalina-utility-2] org.apache.catalina.loader.WebappClassLoaderBase.clearReferencesJdbc The web application [MolaBookStore] registered the JDBC driver [org.sqlite.JDBC] but failed to unregister it when the web application was stopped. To prevent a memory leak, the JDBC Driver has been forcibly unregistered.
19-Nov-2025 22:32:18.027 INFO [Catalina-utility-2] org.apache.jasper.servlet.TldScanner.scanJars At least one JAR was scanned for TLDs yet contained no TLDs. Enable debug logging for this logger for a complete list of JARs that were scanned but no TLDs were found in them. Skipping unneeded JARs during scanning can improve startup time and JSP compilation time.
19-Nov-2025 22:32:18.051 INFO [Catalina-utility-2] org.apache.catalina.core.StandardContext.reload Reloading Context with name [/MolaBookStore] is completed
19-Nov-2025 22:38:58.110 INFO [Catalina-utility-1] org.apache.catalina.startup.HostConfig.reload Reloading context [/MolaBookStore]
19-Nov-2025 22:38:58.110 INFO [Catalina-utility-1] org.apache.catalina.core.StandardContext.reload Reloading Context with name [/MolaBookStore] has started
19-Nov-2025 22:38:58.120 WARNING [Catalina-utility-1] org.apache.catalina.loader.WebappClassLoaderBase.clearReferencesJdbc The web application [MolaBookStore] registered the JDBC driver [org.sqlite.JDBC] but failed to unregister it when the web application was stopped. To prevent a memory leak, the JDBC Driver has been forcibly unregistered.
19-Nov-2025 22:38:58.211 INFO [Catalina-utility-1] org.apache.jasper.servlet.TldScanner.scanJars At least one JAR was scanned for TLDs yet contained no TLDs. Enable debug logging for this logger for a complete list of JARs that were scanned but no TLDs were found in them. Skipping unneeded JARs during scanning can improve startup time and JSP compilation time.
19-Nov-2025 22:38:58.218 INFO [Catalina-utility-1] org.apache.catalina.core.StandardContext.reload Reloading Context with name [/MolaBookStore] is completed
19-Nov-2025 22:41:08.232 INFO [Catalina-utility-2] org.apache.catalina.startup.HostConfig.reload Reloading context [/MolaBookStore]
19-Nov-2025 22:41:08.232 INFO [Catalina-utility-2] org.apache.catalina.core.StandardContext.reload Reloading Context with name [/MolaBookStore] has started
19-Nov-2025 22:41:08.330 INFO [Catalina-utility-2] org.apache.jasper.servlet.TldScanner.scanJars At least one JAR was scanned for TLDs yet contained no TLDs. Enable debug logging for this logger for a complete list of JARs that were scanned but no TLDs were found in them. Skipping unneeded JARs during scanning can improve startup time and JSP compilation time.
19-Nov-2025 22:41:08.335 INFO [Catalina-utility-2] org.apache.catalina.core.StandardContext.reload Reloading Context with name [/MolaBookStore] is completed
19-Nov-2025 22:42:58.348 INFO [Catalina-utility-2] org.apache.catalina.startup.HostConfig.reload Reloading context [/MolaBookStore]
19-Nov-2025 22:42:58.348 INFO [Catalina-utility-2] org.apache.catalina.core.StandardContext.reload Reloading Context with name [/MolaBookStore] has started
19-Nov-2025 22:42:58.429 INFO [Catalina-utility-2] org.apache.jasper.servlet.TldScanner.scanJars At least one JAR was scanned for TLDs yet contained no TLDs. Enable debug logging for this logger for a complete list of JARs that were scanned but no TLDs were found in them. Skipping unneeded JARs during scanning can improve startup time and JSP compilation time.
19-Nov-2025 22:42:58.433 INFO [Catalina-utility-2] org.apache.catalina.core.StandardContext.reload Reloading Context with name [/MolaBookStore] is completed
19-Nov-2025 22:48:46.177 INFO [main] org.apache.catalina.core.StandardServer.await A valid shutdown command was received via the shutdown port. Stopping the Server instance.
19-Nov-2025 22:48:46.179 INFO [main] org.apache.coyote.AbstractProtocol.pause Pausing ProtocolHandler ["http-nio-8080"]
19-Nov-2025 22:48:46.184 INFO [main] org.apache.catalina.core.StandardService.stopInternal Stopping service [Catalina]
19-Nov-2025 22:48:46.215 INFO [main] org.apache.coyote.AbstractProtocol.stop Stopping ProtocolHandler ["http-nio-8080"]
19-Nov-2025 22:48:46.231 INFO [main] org.apache.coyote.AbstractProtocol.destroy Destroying ProtocolHandler ["http-nio-8080"]
19-Nov-2025 22:48:47.820 INFO [main] org.apache.catalina.startup.VersionLoggerListener.log Server version name:   Apache Tomcat/9.0.80
19-Nov-2025 22:48:47.825 INFO [main] org.apache.catalina.startup.VersionLoggerListener.log Server built:          Aug 23 2023 21:59:38 UTC
19-Nov-2025 22:48:47.825 INFO [main] org.apache.catalina.startup.VersionLoggerListener.log Server version number: 9.0.80.0
19-Nov-2025 22:48:47.825 INFO [main] org.apache.catalina.startup.VersionLoggerListener.log OS Name:               Linux
19-Nov-2025 22:48:47.825 INFO [main] org.apache.catalina.startup.VersionLoggerListener.log OS Version:            6.8.0-1030-azure
19-Nov-2025 22:48:47.826 INFO [main] org.apache.catalina.startup.VersionLoggerListener.log Architecture:          amd64
19-Nov-2025 22:48:47.826 INFO [main] org.apache.catalina.startup.VersionLoggerListener.log Java Home:             /opt/java/11.0.14
19-Nov-2025 22:48:47.826 INFO [main] org.apache.catalina.startup.VersionLoggerListener.log JVM Version:           11.0.14.1+1-LTS
19-Nov-2025 22:48:47.826 INFO [main] org.apache.catalina.startup.VersionLoggerListener.log JVM Vendor:            Microsoft
19-Nov-2025 22:48:47.826 INFO [main] org.apache.catalina.startup.VersionLoggerListener.log CATALINA_BASE:         /workspaces/MolaBookStore/MolaBookStore/tomcat
19-Nov-2025 22:48:47.828 INFO [main] org.apache.catalina.startup.VersionLoggerListener.log CATALINA_HOME:         /workspaces/MolaBookStore/MolaBookStore/tomcat
19-Nov-2025 22:48:47.843 INFO [main] org.apache.catalina.startup.VersionLoggerListener.log Command line argument: --add-opens=java.base/java.lang=ALL-UNNAMED
19-Nov-2025 22:48:47.844 INFO [main] org.apache.catalina.startup.VersionLoggerListener.log Command line argument: --add-opens=java.base/java.io=ALL-UNNAMED
19-Nov-2025 22:48:47.844 INFO [main] org.apache.catalina.startup.VersionLoggerListener.log Command line argument: --add-opens=java.base/java.util=ALL-UNNAMED
19-Nov-2025 22:48:47.844 INFO [main] org.apache.catalina.startup.VersionLoggerListener.log Command line argument: --add-opens=java.base/java.util.concurrent=ALL-UNNAMED
19-Nov-2025 22:48:47.845 INFO [main] org.apache.catalina.startup.VersionLoggerListener.log Command line argument: --add-opens=java.rmi/sun.rmi.transport=ALL-UNNAMED
19-Nov-2025 22:48:47.845 INFO [main] org.apache.catalina.startup.VersionLoggerListener.log Command line argument: -Djava.util.logging.config.file=/workspaces/MolaBookStore/MolaBookStore/tomcat/conf/logging.properties
19-Nov-2025 22:48:47.845 INFO [main] org.apache.catalina.startup.VersionLoggerListener.log Command line argument: -Djava.util.logging.manager=org.apache.juli.ClassLoaderLogManager
19-Nov-2025 22:48:47.845 INFO [main] org.apache.catalina.startup.VersionLoggerListener.log Command line argument: -Djdk.tls.ephemeralDHKeySize=2048
19-Nov-2025 22:48:47.846 INFO [main] org.apache.catalina.startup.VersionLoggerListener.log Command line argument: -Djava.protocol.handler.pkgs=org.apache.catalina.webresources
19-Nov-2025 22:48:47.846 INFO [main] org.apache.catalina.startup.VersionLoggerListener.log Command line argument: -Dorg.apache.catalina.security.SecurityListener.UMASK=0027
19-Nov-2025 22:48:47.847 INFO [main] org.apache.catalina.startup.VersionLoggerListener.log Command line argument: -Dignore.endorsed.dirs=
19-Nov-2025 22:48:47.847 INFO [main] org.apache.catalina.startup.VersionLoggerListener.log Command line argument: -Dcatalina.base=/workspaces/MolaBookStore/MolaBookStore/tomcat
19-Nov-2025 22:48:47.847 INFO [main] org.apache.catalina.startup.VersionLoggerListener.log Command line argument: -Dcatalina.home=/workspaces/MolaBookStore/MolaBookStore/tomcat
19-Nov-2025 22:48:47.847 INFO [main] org.apache.catalina.startup.VersionLoggerListener.log Command line argument: -Djava.io.tmpdir=/workspaces/MolaBookStore/MolaBookStore/tomcat/temp
19-Nov-2025 22:48:47.849 INFO [main] org.apache.catalina.core.AprLifecycleListener.lifecycleEvent The Apache Tomcat Native library which allows using OpenSSL was not found on the java.library.path: [/usr/java/packages/lib:/usr/lib64:/lib64:/lib:/usr/lib]
19-Nov-2025 22:48:48.313 INFO [main] org.apache.coyote.AbstractProtocol.init Initializing ProtocolHandler ["http-nio-8080"]
19-Nov-2025 22:48:48.340 INFO [main] org.apache.catalina.startup.Catalina.load Server initialization in [813] milliseconds
19-Nov-2025 22:48:48.437 INFO [main] org.apache.catalina.core.StandardService.startInternal Starting service [Catalina]
19-Nov-2025 22:48:48.437 INFO [main] org.apache.catalina.core.StandardEngine.startInternal Starting Servlet engine: [Apache Tomcat/9.0.80]
19-Nov-2025 22:48:48.455 INFO [main] org.apache.catalina.startup.HostConfig.deployWAR Deploying web application archive [/workspaces/MolaBookStore/MolaBookStore/tomcat/webapps/MolaBookStore.war]
19-Nov-2025 22:48:49.084 INFO [main] org.apache.jasper.servlet.TldScanner.scanJars At least one JAR was scanned for TLDs yet contained no TLDs. Enable debug logging for this logger for a complete list of JARs that were scanned but no TLDs were found in them. Skipping unneeded JARs during scanning can improve startup time and JSP compilation time.
19-Nov-2025 22:48:49.145 INFO [main] org.apache.catalina.startup.HostConfig.deployWAR Deployment of web application archive [/workspaces/MolaBookStore/MolaBookStore/tomcat/webapps/MolaBookStore.war] has finished in [690] ms
19-Nov-2025 22:48:49.146 INFO [main] org.apache.catalina.startup.HostConfig.deployDirectory Deploying web application directory [/workspaces/MolaBookStore/MolaBookStore/tomcat/webapps/docs]
19-Nov-2025 22:48:49.174 INFO [main] org.apache.catalina.startup.HostConfig.deployDirectory Deployment of web application directory [/workspaces/MolaBookStore/MolaBookStore/tomcat/webapps/docs] has finished in [27] ms
19-Nov-2025 22:48:49.174 INFO [main] org.apache.catalina.startup.HostConfig.deployDirectory Deploying web application directory [/workspaces/MolaBookStore/MolaBookStore/tomcat/webapps/host-manager]
19-Nov-2025 22:48:49.215 INFO [main] org.apache.catalina.startup.HostConfig.deployDirectory Deployment of web application directory [/workspaces/MolaBookStore/MolaBookStore/tomcat/webapps/host-manager] has finished in [41] ms
19-Nov-2025 22:48:49.218 INFO [main] org.apache.catalina.startup.HostConfig.deployDirectory Deploying web application directory [/workspaces/MolaBookStore/MolaBookStore/tomcat/webapps/manager]
19-Nov-2025 22:48:49.246 INFO [main] org.apache.catalina.startup.HostConfig.deployDirectory Deployment of web application directory [/workspaces/MolaBookStore/MolaBookStore/tomcat/webapps/manager] has finished in [28] ms
19-Nov-2025 22:48:49.248 INFO [main] org.apache.catalina.startup.HostConfig.deployDirectory Deploying web application directory [/workspaces/MolaBookStore/MolaBookStore/tomcat/webapps/examples]
19-Nov-2025 22:48:49.477 INFO [main] org.apache.catalina.startup.HostConfig.deployDirectory Deployment of web application directory [/workspaces/MolaBookStore/MolaBookStore/tomcat/webapps/examples] has finished in [228] ms
19-Nov-2025 22:48:49.479 INFO [main] org.apache.catalina.startup.HostConfig.deployDirectory Deploying web application directory [/workspaces/MolaBookStore/MolaBookStore/tomcat/webapps/ROOT]
19-Nov-2025 22:48:49.499 INFO [main] org.apache.catalina.startup.HostConfig.deployDirectory Deployment of web application directory [/workspaces/MolaBookStore/MolaBookStore/tomcat/webapps/ROOT] has finished in [20] ms
19-Nov-2025 22:48:49.503 INFO [main] org.apache.coyote.AbstractProtocol.start Starting ProtocolHandler ["http-nio-8080"]
19-Nov-2025 22:48:49.516 INFO [main] org.apache.catalina.startup.Catalina.start Server startup in [1175] milliseconds
19-Nov-2025 22:53:59.568 INFO [Catalina-utility-2] org.apache.catalina.startup.HostConfig.reload Reloading context [/MolaBookStore]
19-Nov-2025 22:53:59.569 INFO [Catalina-utility-2] org.apache.catalina.core.StandardContext.reload Reloading Context with name [/MolaBookStore] has started
19-Nov-2025 22:53:59.589 WARNING [Catalina-utility-2] org.apache.catalina.loader.WebappClassLoaderBase.clearReferencesJdbc The web application [MolaBookStore] registered the JDBC driver [org.sqlite.JDBC] but failed to unregister it when the web application was stopped. To prevent a memory leak, the JDBC Driver has been forcibly unregistered.
19-Nov-2025 22:53:59.715 INFO [Catalina-utility-2] org.apache.jasper.servlet.TldScanner.scanJars At least one JAR was scanned for TLDs yet contained no TLDs. Enable debug logging for this logger for a complete list of JARs that were scanned but no TLDs were found in them. Skipping unneeded JARs during scanning can improve startup time and JSP compilation time.
19-Nov-2025 22:53:59.727 INFO [Catalina-utility-2] org.apache.catalina.core.StandardContext.reload Reloading Context with name [/MolaBookStore] is completed
19-Nov-2025 23:02:29.798 INFO [Catalina-utility-2] org.apache.catalina.startup.HostConfig.reload Reloading context [/MolaBookStore]
19-Nov-2025 23:02:29.798 INFO [Catalina-utility-2] org.apache.catalina.core.StandardContext.reload Reloading Context with name [/MolaBookStore] has started
19-Nov-2025 23:02:29.822 WARNING [Catalina-utility-2] org.apache.catalina.loader.WebappClassLoaderBase.clearReferencesJdbc The web application [MolaBookStore] registered the JDBC driver [org.sqlite.JDBC] but failed to unregister it when the web application was stopped. To prevent a memory leak, the JDBC Driver has been forcibly unregistered.
19-Nov-2025 23:02:29.995 INFO [Catalina-utility-2] org.apache.jasper.servlet.TldScanner.scanJars At least one JAR was scanned for TLDs yet contained no TLDs. Enable debug logging for this logger for a complete list of JARs that were scanned but no TLDs were found in them. Skipping unneeded JARs during scanning can improve startup time and JSP compilation time.
19-Nov-2025 23:02:30.016 INFO [Catalina-utility-2] org.apache.catalina.core.StandardContext.reload Reloading Context with name [/MolaBookStore] is completed
